[35m[1mINF[0m  Welcome to the Pigweed Vending Machine!
